
> hydroflow-pro@1.0.0 build
> vite build

[36mvite v6.4.1 [32mbuilding for production...[36m[39m
transforming...
[32mÔ£ô[39m 19 modules transformed.
node.exe : [31mÔ£ù[39m 
Build failed in 720ms
No C:\Program 
Files\nodejs\npm.ps1:29 
caractere:3
+   & $NODE_EXE $NPM_CLI_JS 
$args
+   
~~~~~~~~~~~~~~~~~~~~~~~~~~~~~
    + CategoryInfo            
  : NotSpecified:     
([31mÔ£ù[39m Build     
failed in 720ms:Str    ing) 
[], RemoteExcep    tion
    + FullyQualifiedErro    
rId : NativeCommandE    rror
 
[31merror during build:
[31mCould not resolve "./comp
onents/ProjectSelectorModal" 
from "App.tsx"[31m
file: [36mE:/VSCode/HFPRO2/Ap
p.tsx[31m
    at getRollupError (file://
/E:/VSCode/HFPRO2/node_modules
/rollup/dist/es/shared/parseAs
t.js:402:41)
    at error (file:///E:/VSCod
e/HFPRO2/node_modules/rollup/d
ist/es/shared/parseAst.js:398:
42)
    at ModuleLoader.handleInva
lidResolvedId (file:///E:/VSCo
de/HFPRO2/node_modules/rollup/
dist/es/shared/node-entry.js:2
1710:24)
    at ModuleLoader.resolveDyn
amicImport (file:///E:/VSCode/
HFPRO2/node_modules/rollup/dis
t/es/shared/node-entry.js:2177
0:58)
    at async file:///E:/VSCode
/HFPRO2/node_modules/rollup/di
st/es/shared/node-entry.js:216
54:32[39m
